// Jest Snapshot v1, https://goo.gl/fbAQLP

exports[`index.tsx Edit should match snapshot 1`] = `
<p>
  hello
</p>
`;

exports[`index.tsx save should match snapshot 1`] = `
<p>
  <div
    dangerouslySetInnerHTML={
      Object {
        "__html": "content",
      }
    }
  />
</p>
`;
